ID   XXX; SV XXX; linear; genomic DNA; CON; PRO; 430 BP.
XX
FH   Key             Location/Qualifiers
FH
FT   source          1..430
FT                   /submitter_seqid="IWGSC_CSS_6DL_scaff_3330717"
XX
CO   join(complement(IWGSC_CSS_6DL_contig_209593.0:1..330),
CO   complement(IWGSC_CSS_6DL_contig_209595.0:1..100))
XX
SQ   Sequence 430 BP; 97 A; 322 C; 0 G; 11 T; 0 other;
     cccccccccc cccccccccc ccccccccct tccccccccc cccccccccc cccccccccc        60
     cccccccccc cccccccccc ccccccccct tccccccccc cccccccccc cccccccccc       120
     cccccccccc cccccccccc ccccccccct tccccccccc cccccccccc cccccccccc       180
     cccccccccc cccccccccc ccccccccct tccccccccc cccccccccc cccccccccc       240
     cccccccccc cccccccccc ccccccccct tccccccccc cccccccccc cccccccccc       300
     cccccccccc cccccccccc ccccccccct aaaaaaaaaa aaaaaaaaaa aaaaaaaaaa       360
     aaaaaaaaac caaaaaaaaa aaaaaaaaaa aaaaaaaaaa aaaaaaaaaa aaaaaaaaaa       420
     aaaaaaaaac                                                              430
//
ID   XXX; SV XXX; linear; genomic DNA; CON; PRO; 430 BP.
XX
FH   Key             Location/Qualifiers
FH
FT   source          1..430
FT                   /submitter_seqid="IWGSC_CSS_6DL_scaff_3330718"
XX
CO   join(complement(IWGSC_CSS_6DL_scaff_3330717.0:1..330),
CO   complement(IWGSC_CSS_6DL_contig_209596.0:1..100))
XX
SQ   Sequence 430 BP; 84 A; 13 C; 319 G; 14 T; 0 other;
     aggggggggg gggggggggg gggggggggg gggggggggg gggggggggg ggggggggga        60
     aggggggggg gggggggggg gggggggggg gggggggggg gggggggggg ggggggggga       120
     aggggggggg gggggggggg gggggggggg gggggggggg gggggggggg ggggggggga       180
     aggggggggg gggggggggg gggggggggg gggggggggg gggggggggg ggggggggga       240
     aggggggggg gggggggggg gggggggggg gggggggggg gggggggggg ggggggggga       300
     aggggggggg gggggggggg gggggggggg taaaaaaaaa aaaaaccctt taaaaaaaaa       360
     aaaaaacaat caaaaaaatc atcatcatca taaaaaaaaa aaaaaccctt taaaaaaaaa       420
     aaaaaacaat                                                              430
//